Fetching article list...
Found 50 articles
SKIP (exists): 第一次看 Vue2 源码，应该从哪个文件开始？ -> /Users/lanweipeng/Desktop/github/fullAnswer/interview/vue/源码.md
SKIP (exists): react15.6.2-从源码了解核心流程 -> /Users/lanweipeng/Desktop/github/fullAnswer/interview/vue/源码.md
SKIP (exists): 微信小程序快速入门（会vue版） -> /Users/lanweipeng/Desktop/github/fullAnswer/interview/vue.md
SKIP (exists): react18更新了什么 -> /Users/lanweipeng/Desktop/github/fullAnswer/interview/react/react18更新了什么.md
SKIP (exists): React优化 -> /Users/lanweipeng/Desktop/github/fullAnswer/interview/vue/优化.md
SKIP (exists): hook模拟生命周期 -> /Users/lanweipeng/Desktop/github/fullAnswer/interview/react/模拟生命周期.md
SKIP (exists): React父组件调用子组件的方法 -> /Users/lanweipeng/Desktop/github/fullAnswer/interview/react/父组件调用子组件的方法.md
SKIP (exists): vue生命周期 -> /Users/lanweipeng/Desktop/github/fullAnswer/interview/vue/生命周期.md
SKIP (exists): HTML语义化 -> /Users/lanweipeng/Desktop/github/fullAnswer/interview/html/语义化.md
SKIP (exists): 防抖与节流 -> /Users/lanweipeng/Desktop/github/fullAnswer/interview/handwritten/节流.md
SKIP (exists): H5新特性 -> /Users/lanweipeng/Desktop/github/fullAnswer/interview/html/新特性.md
SKIP (exists): CSS3动画 -> /Users/lanweipeng/Desktop/github/fullAnswer/interview/css/css3动画.md
SKIP (exists): BFC -> /Users/lanweipeng/Desktop/github/fullAnswer/interview/css/bfc.md
SKIP (exists): 盒模型 -> /Users/lanweipeng/Desktop/github/fullAnswer/interview/css/盒模型.md
SKIP (exists): CSS选择器 -> /Users/lanweipeng/Desktop/github/fullAnswer/interview/css/CSS选择器.md
SKIP (exists): 移动端适配方案 -> /Users/lanweipeng/Desktop/github/fullAnswer/interview/css/移动端适配.md
SKIP (exists): 长度单位 -> /Users/lanweipeng/Desktop/github/fullAnswer/interview/css/长度单位.md
SKIP (exists): 伪类和伪元素 -> /Users/lanweipeng/Desktop/github/fullAnswer/interview/css/伪类和伪元素.md
SKIP (exists): 隐藏元素的方法 -> /Users/lanweipeng/Desktop/github/fullAnswer/interview/css/隐藏元素.md
SKIP (exists): 如何画一条0.5px的边 -> /Users/lanweipeng/Desktop/github/fullAnswer/interview/css/0.5px.md
SKIP (exists): 高频CSS面试题 -> /Users/lanweipeng/Desktop/github/fullAnswer/interview/css.md
SKIP (exists): 被面试官嫌弃基础不扎实，那你这些js知识一定要补补 -> /Users/lanweipeng/Desktop/github/fullAnswer/interview/js.md
SKIP (exists): 手写深拷贝，你写全了吗 -> /Users/lanweipeng/Desktop/github/fullAnswer/interview/handwritten/深拷贝.md
SKIP (exists): 高频设计模式面试题（js） -> /Users/lanweipeng/Desktop/github/fullAnswer/interview/js.md
SKIP (exists): 高频数据结构面试题（js） -> /Users/lanweipeng/Desktop/github/fullAnswer/interview/js.md
SKIP (exists): 高频算法面试题（js） -> /Users/lanweipeng/Desktop/github/fullAnswer/interview/js.md
SKIP (exists): 面试官：什么是bfc -> /Users/lanweipeng/Desktop/github/fullAnswer/interview/css/bfc.md
SKIP (exists): 一文让你彻底理解call、apply、bind（小白看完也能手写一个） -> /Users/lanweipeng/Desktop/github/fullAnswer/interview/handwritten/call、apply、bind.md
SKIP (exists): 作为一个vuer，为什么一定要知道composition-api -> /Users/lanweipeng/Desktop/github/fullAnswer/interview/vue.md

Need to download: 21 articles

Scraping: 做前端需求总结出的非常好用的skill (7631384678335971391)
  Saved: /Users/lanweipeng/Desktop/github/fullAnswer/interview/优化/做前端需求总结出的非常好用的skill.md (1640 chars)

Scraping: 为了提升前端的专业度，我养成了这些习惯 (7631419063718019078)
  Saved: /Users/lanweipeng/Desktop/github/fullAnswer/interview/优化/为了提升前端的专业度，我养成了这些习惯.md (2192 chars)

Scraping: 前端开发自测与质量保障 SOP (7631219574764716078)
  Saved: /Users/lanweipeng/Desktop/github/fullAnswer/interview/优化/前端开发自测与质量保障 SOP.md (2197 chars)

Scraping: 刚知道harness不到两周，我的工作效率就大幅度提升 (7626562216192180278)
  Saved: /Users/lanweipeng/Desktop/github/fullAnswer/interview/优化/刚知道harness不到两周，我的工作效率就大幅度提升.md (6139 chars)

Scraping: react-quill使用服务端上传图片handlers导致中文输入问题-原理分析 (7538137725300572169)
  Saved: /Users/lanweipeng/Desktop/github/fullAnswer/interview/react/react-quill使用服务端上传图片handlers导致中文输入问题-原理分析.md (8374 chars)

Scraping: 使用xlsx+xlsx-style实现表格导出（带样式） (7327836344037785652)
  Saved: /Users/lanweipeng/Desktop/github/fullAnswer/interview/优化/使用xlsx+xlsx-style实现表格导出（带样式）.md (3385 chars)

Scraping: 字节：实现一下并发请求 (7301955975338246183)
  Saved: /Users/lanweipeng/Desktop/github/fullAnswer/interview/handwritten/字节：实现一下并发请求.md (2543 chars)

Scraping: React组件之间通信 (7298241165525680137)
  Saved: /Users/lanweipeng/Desktop/github/fullAnswer/interview/react/React组件之间通信.md (998 chars)

Scraping: 你用过哪些hook (7298220509128114203)
  Saved: /Users/lanweipeng/Desktop/github/fullAnswer/interview/react/你用过哪些hook.md (1463 chars)

Scraping: 重排（回流）和重绘 (7296660227544809523)
  Saved: /Users/lanweipeng/Desktop/github/fullAnswer/interview/css/重排（回流）和重绘.md (3273 chars)

Scraping: 前端面试题汇总（超全、附答案链接、持续更新中） (7296345202237997096)
  Saved: /Users/lanweipeng/Desktop/github/fullAnswer/interview/js/前端面试题汇总（超全、附答案链接、持续更新中）.md (2181 chars)

Scraping: 百姓网：写一个随机验证码 (7293533305075548212)
  Saved: /Users/lanweipeng/Desktop/github/fullAnswer/interview/js/百姓网：写一个随机验证码.md (906 chars)

Scraping: 猫眼：找到数组里和为n的组合 (7290826271831638051)
  Saved: /Users/lanweipeng/Desktop/github/fullAnswer/interview/js/猫眼：找到数组里和为n的组合.md (1494 chars)

Scraping: react高频面试题 (7290017749715353640)
  Saved: /Users/lanweipeng/Desktop/github/fullAnswer/interview/react/react高频面试题.md (5074 chars)

Scraping: http高频面试题 (7277830857422897164)
  Saved: /Users/lanweipeng/Desktop/github/fullAnswer/interview/网络/http高频面试题.md (5398 chars)

Scraping: 终于弄懂强缓存和协商缓存了！ (7277490853495996427)
  Saved: /Users/lanweipeng/Desktop/github/fullAnswer/interview/网络/终于弄懂强缓存和协商缓存了！.md (1715 chars)

Scraping: git 进阶：你要小心一些大厂面试官问你这些 (7276287624607973417)
  Saved: /Users/lanweipeng/Desktop/github/fullAnswer/interview/js/git 进阶：你要小心一些大厂面试官问你这些.md (3124 chars)

Scraping: 百度外包面试官：这道击鼓传花写一下 (7275150831942254631)
  Saved: /Users/lanweipeng/Desktop/github/fullAnswer/interview/js/百度外包面试官：这道击鼓传花写一下.md (1142 chars)

Scraping: localStorage用起来很麻烦，封装一个吧 (7273026570940366887)
  Saved: /Users/lanweipeng/Desktop/github/fullAnswer/interview/handwritten/localStorage用起来很麻烦，封装一个吧.md (3691 chars)

Scraping: 你还不知道ES11的可选链(?. )，我已经在思考底层是如何实现的了 (7271092862849794105)
  Saved: /Users/lanweipeng/Desktop/github/fullAnswer/interview/handwritten/你还不知道ES11的可选链(. )，我已经在思考底层是如何实现的了.md (923 chars)

Scraping: 观察者模式很容易引起循环引用，如果你用的不小心，很可能会问题 (7270867067216625703)
  Saved: /Users/lanweipeng/Desktop/github/fullAnswer/interview/handwritten/观察者模式很容易引起循环引用，如果你用的不小心，很可能会问题.md (2108 chars)

Done! Saved 21 articles.
