1/3 打开主页 https://www.nowcoder.com/users/476088215
   发现 15 条动态链接
2/3 抓取帖子正文…
   ✓ [1] 福建星驿支付科技有限公司 → 10 题
   ✓ [2] 速境生活科技 → 20 题
   跳过 [3] 裁员最佳策略
   ✓ [4] 蜜雪冰城 → 4 题
   ✓ [5] 仕途科技面经 → 11 题
   无题目 [6] 票牛
   ✓ [7] 华住酒店 → 14 题
   ✓ [8] 同程艺龙-面经 → 13 题
   跳过 [9] 如何才能晋升
   跳过 [10] gap了两个多月，终于找到工作，工资还涨了两千
   ✓ [11] 欢聚前端社招一面 → 8 题
   ✓ [12] 欢聚前端社招一面 → 14 题
   无题目 [13] 社招前端一年进携程
   ✓ [14] 申通一面 → 7 题
   ✓ [15] 携程社招一年前端面经 → 3 题

3/3 题目：共 104 道，去重后新增 97 道
已同步 自我考察表格.md

完成！写入自我考察表格 82 道（来源：牛客网面经）
原始数据: /Users/lanweipeng/Desktop/github/fullAnswer/.scraper/nowcoder/posts-detail.json
